// Jest Snapshot v1, https://goo.gl/fbAQLP

exports[`NavChatItem Snapshot 1`] = `
<DocumentFragment>
  <li
    class="list__item"
    data-="true"
  >
    <a
      href="#"
    >
      Название
    </a>
  </li>
</DocumentFragment>
`;
