// Jest Snapshot v1, https://goo.gl/fbAQLP

exports[`Main Snapshot 1`] = `
<DocumentFragment>
  <div
    class="home"
    data-testid="home-test-id"
  >
    <ul
      class="list"
      data-testid="chat_test-id"
    >
      <li
        class="list__item"
        data-="true"
      >
        <a
          href="#"
        >
          Канал №1
        </a>
      </li>
      <li
        class="list__item"
        data-="true"
      >
        <a
          href="#"
        >
          Канал №2
        </a>
      </li>
      <li
        class="list__item"
        data-="true"
      >
        <a
          href="#"
        >
          Канал №2
        </a>
      </li>
    </ul>
    <div
      class="action__block"
    >
      <div
        class="chat"
        data-testid="chat-test"
      >
        <div
          class="chat__area"
        />
      </div>
      <div
        class="text"
      >
        <div
          class="MuiInput-root MuiInput-underline MuiInputBase-root MuiInputBase-colorPrimary css-a88p61-MuiInputBase-root-MuiInput-root"
        >
          <input
            class="MuiInput-input MuiInputBase-input css-1x51dt5-MuiInputBase-input-MuiInput-input"
            id="text__input__id"
            name="msg"
            placeholder="Ваше сообщение"
            type="text"
            value=""
          />
        </div>
        <br />
        <button
          class="MuiButton-root MuiButton-contained MuiButton-containedPrimary MuiButton-sizeMedium MuiButton-containedSizeMedium MuiButtonBase-root  css-sghohy-MuiButtonBase-root-MuiButton-root"
          data-testid="test-id"
          tabindex="0"
          type="button"
        >
          Отправить
          <span
            class="MuiTouchRipple-root css-8je8zh-MuiTouchRipple-root"
          />
        </button>
      </div>
    </div>
  </div>
</DocumentFragment>
`;
